[36mvite v5.4.21 [32mbuilding for production...[36m[39m
transforming...
[1m[33m[plugin:vite:esbuild][39m[22m [33m[plugin vite:esbuild] games/Space_Invaders/entities/UFOEntity.ts: [33mDuplicate member "position" in class body[33m
62 |  
63 |    get isActive(): boolean { return this.active; }
64 |    get position(): THREE.Vector3 { return this.position; }
   |        ^
65 |    get direction(): number { return this.direction; }
66 |    get speed(): number { return this.speed; }
[39m
[1m[33m[plugin:vite:esbuild][39m[22m [33m[plugin vite:esbuild] games/Space_Invaders/entities/UFOEntity.ts: [33mDuplicate member "direction" in class body[33m
63 |    get isActive(): boolean { return this.active; }
64 |    get position(): THREE.Vector3 { return this.position; }
65 |    get direction(): number { return this.direction; }
   |        ^
66 |    get speed(): number { return this.speed; }
67 |    get scoreValue(): number { return this.scoreValue; }
[39m
[1m[33m[plugin:vite:esbuild][39m[22m [33m[plugin vite:esbuild] games/Space_Invaders/entities/UFOEntity.ts: [33mDuplicate member "speed" in class body[33m
64 |    get position(): THREE.Vector3 { return this.position; }
65 |    get direction(): number { return this.direction; }
66 |    get speed(): number { return this.speed; }
   |        ^
67 |    get scoreValue(): number { return this.scoreValue; }
68 |  
[39m
[1m[33m[plugin:vite:esbuild][39m[22m [33m[plugin vite:esbuild] games/Space_Invaders/entities/UFOEntity.ts: [33mDuplicate member "scoreValue" in class body[33m
65 |    get direction(): number { return this.direction; }
66 |    get speed(): number { return this.speed; }
67 |    get scoreValue(): number { return this.scoreValue; }
   |        ^
68 |  
69 |    dispose(): void {
[39m
[1m[33m[plugin:vite:esbuild][39m[22m [33m[plugin vite:esbuild] shared/input/InputManager.ts: [33mDuplicate member "justPressed" in class body[33m
40 |    }
41 |  
42 |    justPressed(code: string): boolean {
   |    ^
43 |      const result = this.justPressed.has(code);
44 |      if (result) this.justPressed.delete(code);
[39m
[1m[33m[plugin:vite:esbuild][39m[22m [33m[plugin vite:esbuild] games/Space_Invaders/systems/LevelManager.ts: [33mDuplicate member "score" in class body[33m
47 |  
48 |    get level(): number { return this.currentLevel; }
49 |    get score(): number { return this.score; }
   |        ^
50 |    get highScore(): number { return this.highScore; }
51 |    get lives(): number { return this.lives; }
[39m
[1m[33m[plugin:vite:esbuild][39m[22m [33m[plugin vite:esbuild] games/Space_Invaders/systems/LevelManager.ts: [33mDuplicate member "highScore" in class body[33m
48 |    get level(): number { return this.currentLevel; }
49 |    get score(): number { return this.score; }
50 |    get highScore(): number { return this.highScore; }
   |        ^
51 |    get lives(): number { return this.lives; }
52 |    get playerAlive(): boolean { return this.playerAlive; }
[39m
[1m[33m[plugin:vite:esbuild][39m[22m [33m[plugin vite:esbuild] games/Space_Invaders/systems/LevelManager.ts: [33mDuplicate member "lives" in class body[33m
49 |    get score(): number { return this.score; }
50 |    get highScore(): number { return this.highScore; }
51 |    get lives(): number { return this.lives; }
   |        ^
52 |    get playerAlive(): boolean { return this.playerAlive; }
53 |    get gameOver(): boolean { return this.gameOver; }
[39m
[1m[33m[plugin:vite:esbuild][39m[22m [33m[plugin vite:esbuild] games/Space_Invaders/systems/LevelManager.ts: [33mDuplicate member "playerAlive" in class body[33m
50 |    get highScore(): number { return this.highScore; }
51 |    get lives(): number { return this.lives; }
52 |    get playerAlive(): boolean { return this.playerAlive; }
   |        ^
53 |    get gameOver(): boolean { return this.gameOver; }
54 |    get levelTransition(): boolean { return this.levelTransition; }
[39m
[1m[33m[plugin:vite:esbuild][39m[22m [33m[plugin vite:esbuild] games/Space_Invaders/systems/LevelManager.ts: [33mDuplicate member "gameOver" in class body[33m
51 |    get lives(): number { return this.lives; }
52 |    get playerAlive(): boolean { return this.playerAlive; }
53 |    get gameOver(): boolean { return this.gameOver; }
   |        ^
54 |    get levelTransition(): boolean { return this.levelTransition; }
55 |  
[39m
[1m[33m[plugin:vite:esbuild][39m[22m [33m[plugin vite:esbuild] games/Space_Invaders/systems/LevelManager.ts: [33mDuplicate member "levelTransition" in class body[33m
52 |    get playerAlive(): boolean { return this.playerAlive; }
53 |    get gameOver(): boolean { return this.gameOver; }
54 |    get levelTransition(): boolean { return this.levelTransition; }
   |        ^
55 |  
56 |    getLevelConfig(): LevelConfig {
[39m
[32m✓[39m 32 modules transformed.
rendering chunks...
computing gzip size...
[2mdist/[22m[32mindex.html                [39m[1m[2m  4.65 kB[22m[1m[22m[2m │ gzip:   1.57 kB[22m
[2mdist/[22m[36massets/index-BmWO38GD.js  [39m[1m[33m505.44 kB[39m[22m[2m │ gzip: 128.67 kB[22m
[33m
(!) Some chunks are larger than 500 kB after minification. Consider:
- Using dynamic import() to code-split the application
- Use build.rollupOptions.output.manualChunks to improve chunking: https://rollupjs.org/configuration-options/#output-manualchunks
- Adjust chunk size limit for this warning via build.chunkSizeWarningLimit.[39m
[32m✓ built in 796ms[39m
